// Vitest Snapshot v1, https://vitest.dev/guide/snapshot.html

exports[`TodoList.svelte > can add more if unlocked 1`] = `"<div><div class=\\"add s-HZ-oYOGGXvyC\\"><div class=\\"flex gap-4 s-AKPngUPfGbRU cursor-pointer\\" role=\\"button\\" tabindex=\\"0\\"><div class=\\"s-AKPngUPfGbRU\\"><!--<Icon>--></div> <div class=\\"text-lg my-auto mx-0 s-AKPngUPfGbRU\\"><span class=\\"font-bold s-AKPngUPfGbRU\\">Add a new todo</span></div></div><!--<AddTodo>--></div> <div class=\\"s-HZ-oYOGGXvyC\\"><div class=\\"my-4 mx-0 s-HZ-oYOGGXvyC\\"><div class=\\"flex gap-4 items-start\\"><div class=\\"relative cursor-pointer\\" role=\\"button\\" tabindex=\\"0\\"><!--<Icon>--></div> <div class=\\"flex flex-col gap-3\\"><div class=\\"cursor-pointer text-lg my-auto mx-0 flex flex-col\\" role=\\"button\\" tabindex=\\"0\\"><p class=\\"font-bold\\">title 1</p> <p class=\\"opacity-60\\">caption 1</p> </div> <!--<InlineTodoEditor>--></div></div><!--<TodoContent>--> </div><div class=\\"my-4 mx-0 s-HZ-oYOGGXvyC\\"><div class=\\"flex gap-4 items-start\\"><div class=\\"relative cursor-pointer\\" role=\\"button\\" tabindex=\\"0\\"><!--<Icon>--></div> <div class=\\"flex flex-col gap-3\\"><div class=\\"cursor-pointer text-lg my-auto mx-0 flex flex-col\\" role=\\"button\\" tabindex=\\"0\\"><p class=\\"font-bold\\">title 2</p> <p class=\\"opacity-60\\">caption 2</p> </div> <!--<InlineTodoEditor>--></div></div><!--<TodoContent>--> </div></div><!--<TodoList>--></div>"`;

exports[`TodoList.svelte > can add more if unlocked 2`] = `"<div><div class=\\"add s-HZ-oYOGGXvyC\\"><div class=\\"flex gap-4 s-AKPngUPfGbRU\\" data-test-type=\\"add\\" role=\\"button\\" tabindex=\\"0\\"><div class=\\"s-AKPngUPfGbRU\\"><!--<Icon>--></div> <input class=\\"font-bold w-full border-none text-lg background-transparent s-AKPngUPfGbRU\\" placeholder=\\"Let's do Together!\\"></div><!--<AddTodo>--></div> <div class=\\"s-HZ-oYOGGXvyC\\"><div class=\\"my-4 mx-0 s-HZ-oYOGGXvyC\\"><div class=\\"flex gap-4 items-start\\"><div class=\\"relative cursor-pointer\\" role=\\"button\\" tabindex=\\"0\\"><!--<Icon>--></div> <div class=\\"flex flex-col gap-3\\"><div class=\\"cursor-pointer text-lg my-auto mx-0 flex flex-col\\" role=\\"button\\" tabindex=\\"0\\"><p class=\\"font-bold\\">title 1</p> <p class=\\"opacity-60\\">caption 1</p> </div> <!--<InlineTodoEditor>--></div></div><!--<TodoContent>--> </div><div class=\\"my-4 mx-0 s-HZ-oYOGGXvyC\\"><div class=\\"flex gap-4 items-start\\"><div class=\\"relative cursor-pointer\\" role=\\"button\\" tabindex=\\"0\\"><!--<Icon>--></div> <div class=\\"flex flex-col gap-3\\"><div class=\\"cursor-pointer text-lg my-auto mx-0 flex flex-col\\" role=\\"button\\" tabindex=\\"0\\"><p class=\\"font-bold\\">title 2</p> <p class=\\"opacity-60\\">caption 2</p> </div> <!--<InlineTodoEditor>--></div></div><!--<TodoContent>--> </div></div><!--<TodoList>--></div>"`;

exports[`TodoList.svelte > cannot add more if locked 1`] = `"<div> <div class=\\"s-HZ-oYOGGXvyC\\"><div class=\\"my-4 mx-0 s-HZ-oYOGGXvyC\\"><div class=\\"flex gap-4 items-start\\"><div class=\\"relative cursor-pointer\\" role=\\"button\\" tabindex=\\"0\\"><!--<Icon>--></div> <div class=\\"flex flex-col gap-3\\"><div class=\\"cursor-pointer text-lg my-auto mx-0 flex flex-col\\" role=\\"button\\" tabindex=\\"0\\"><p class=\\"font-bold\\">title 1</p> <p class=\\"opacity-60\\">caption 1</p> </div> <!--<InlineTodoEditor>--></div></div><!--<TodoContent>--> </div><div class=\\"my-4 mx-0 s-HZ-oYOGGXvyC\\"><div class=\\"flex gap-4 items-start\\"><div class=\\"relative cursor-pointer\\" role=\\"button\\" tabindex=\\"0\\"><!--<Icon>--></div> <div class=\\"flex flex-col gap-3\\"><div class=\\"cursor-pointer text-lg my-auto mx-0 flex flex-col\\" role=\\"button\\" tabindex=\\"0\\"><p class=\\"font-bold\\">title 2</p> <p class=\\"opacity-60\\">caption 2</p> </div> <!--<InlineTodoEditor>--></div></div><!--<TodoContent>--> </div></div><!--<TodoList>--></div>"`;

exports[`TodoList.svelte > shows empty todo ist 1`] = `"<div></div><div></div><div> <p class=\\"mt-8 s-HZ-oYOGGXvyC\\">No todos yet!</p><!--<TodoList>--></div>"`;
